MKaDDZKI`GF[GH\IG]NLbEFZACXEE[EFZNLaXWn(MKcFC]