LHbMIb[Uq'FC]DB[OJeIE^IF_IE^IG`?>ZFE]FE]@?[=?X