94 157 0 R >>/Encoding<</Differences[ 0/g0/g0/g0/g0/g0/g0/g0/g0/g0/g0/g0/g0