y qualified name to the system clipboard" category="_xuPdH2QbEe2sfZZEyR2k8Q