%PDF-1.6%‚„œ”
226 0 obj<</Linearized 1/L 903510/O 228/E 149737/N 23/T 902705/H [ 1443 5174]>>endobj           512 0 obj<</DecodeParms<</Columns 5/Predictor 12>>/Fil